
> festeasy-frontend@0.0.0 build
> ng build

[33mÔØ»[39m Building...
[32mÔ£ö[39m Building...
Application bundle generation failed. [9.108 seconds] - 2026-02-11T00:24:39.140Z

node.exe : [1m[31m[31mX 
[41;31m[[41;97mERROR[41;31m][0m [1mTS2307: 
Cannot find module 
'../services/rating-modal.service' or its 
corresponding type declarations.[0m 
[1m[35m[plugin angular-compiler][0m
En línea: 1 Carácter: 1
+ & "C:\nvm4w\nodejs/node.exe" 
"C:\nvm4w\nodejs/node_modules/npm/bin/np ...
+ ~~~~~~~~~~~~~~~~~~~~~~~~~~~~~~~~~~~~~~~~~~~~~~~~~~
~~~~~~~~~~~~~~~~~~~
    + CategoryInfo          : NotSpecified: ([1m[ 
   31m[31mX...r-compiler][0m:String) [], RemoteE  
  xception
    + FullyQualifiedErrorId : NativeCommandError
 

    src/app/examples/rating-modal-example.component.
ts:4:35:
[37m      4 Ôöé import { RatingModalService } from 
[32m'../services/rating-modal.service'[37m;
        ÔòÁ                                    
[32m~~~~~~~~~~~~~~~~~~~~~~~~~~~~~~~~~~[0m


[31mX [41;31m[[41;97mERROR[41;31m][0m 
[1mTS2571: Object is of type 'unknown'.[0m 
[1m[35m[plugin angular-compiler][0m

    src/app/examples/rating-modal-example.component.
ts:153:18:
[37m      153 Ôöé             await [32mthis.ratin
gModalService[37m.open(this.solicitudId, ...
          ÔòÁ                   
[32m~~~~~~~~~~~~~~~~~~~~~~~[0m


[31mX [41;31m[[41;97mERROR[41;31m][0m 
[1mTS2307: Cannot find module 
'../../services/api.service' or its corresponding 
type declarations.[0m [1m[35m[plugin 
angular-compiler][0m

    src/app/examples/rating-modal/rating-modal.compo
nent.ts:5:27:
[37m      5 Ôöé import { ApiService } from 
[32m'../../services/api.service'[37m;
        ÔòÁ                            
[32m~~~~~~~~~~~~~~~~~~~~~~~~~~~~[0m


[31mX [41;31m[[41;97mERROR[41;31m][0m 
[1mTS2307: Cannot find module 
'../../services/auth.service' or its corresponding 
type declarations.[0m [1m[35m[plugin 
angular-compiler][0m

    src/app/examples/rating-modal/rating-modal.compo
nent.ts:6:28:
[37m      6 Ôöé import { AuthService } from 
[32m'../../services/auth.service'[37m;
        ÔòÁ                             
[32m~~~~~~~~~~~~~~~~~~~~~~~~~~~~~[0m


[31mX [41;31m[[41;97mERROR[41;31m][0m 
[1mTS2571: Object is of type 'unknown'.[0m 
[1m[35m[plugin angular-compiler][0m

    src/app/examples/rating-modal/rating-modal.compo
nent.ts:217:39:
[37m      217 Ôöé ...onst { data: { user } } = 
await [32mthis.apiService[37m.getCurrentUser();
          ÔòÁ                                    
[32m~~~~~~~~~~~~~~~[0m


[31mX [41;31m[[41;97mERROR[41;31m][0m 
[1mTS2571: Object is of type 'unknown'.[0m 
[1m[35m[plugin angular-compiler][0m

    src/app/examples/rating-modal/rating-modal.compo
nent.ts:235:6:
[37m      235 Ôöé       [32mthis.apiService[37m.c
reateReview(reviewData).subscribe({
          ÔòÁ       [32m~~~~~~~~~~~~~~~[0m


[31mX [41;31m[[41;97mERROR[41;31m][0m 
[1mTS7006: Parameter 'response' implicitly has an 
'any' type.[0m [1m[35m[plugin 
angular-compiler][0m

    src/app/examples/rating-modal/rating-modal.compo
nent.ts:236:15:
[37m      236 Ôöé         next: 
([32mresponse[37m) => {
          ÔòÁ                [32m~~~~~~~~[0m


[31mX [41;31m[[41;97mERROR[41;31m][0m 
[1mTS7006: Parameter 'error' implicitly has an 
'any' type.[0m [1m[35m[plugin 
angular-compiler][0m

    src/app/examples/rating-modal/rating-modal.compo
nent.ts:245:16:
[37m      245 Ôöé         error: ([32merror[37m) 
=> {
          ÔòÁ                 [32m~~~~~[0m


[31mX [41;31m[[41;97mERROR[41;31m][0m 
[1mTS2307: Cannot find module 
'../services/api.service' or its corresponding type 
declarations.[0m [1m[35m[plugin 
angular-compiler][0m

    src/app/examples/realtime-listener-example.compo
nent.ts:4:27:
[37m      4 Ôöé import { ApiService } from 
[32m'../services/api.service'[37m;
        ÔòÁ                            
[32m~~~~~~~~~~~~~~~~~~~~~~~~~[0m


[31mX [41;31m[[41;97mERROR[41;31m][0m 
[1mTS2571: Object is of type 'unknown'.[0m 
[1m[35m[plugin angular-compiler][0m

    src/app/examples/realtime-listener-example.compo
nent.ts:106:24:
[37m      106 Ôöé     this.subscription = [32mthis
.apiService[37m.listenToSolicitudFinaliza...
          ÔòÁ                         
[32m~~~~~~~~~~~~~~~[0m


[31mX [41;31m[[41;97mERROR[41;31m][0m 
[1mTS2571: Object is of type 'unknown'.[0m 
[1m[35m[plugin angular-compiler][0m

    src/app/examples/realtime-listener-example.compo
nent.ts:155:4:
[37m      155 Ôöé     [32mthis.apiService[37m.sto
pListeningToSolicitudes();
          ÔòÁ     [32m~~~~~~~~~~~~~~~[0m


[31mX [41;31m[[41;97mERROR[41;31m][0m 
[1mTS2307: Cannot find module 
'../../utils/date.utils' or its corresponding type 
declarations.[0m [1m[35m[plugin 
angular-compiler][0m

    src/app/pages/proveedor/solicitudes/solicitudes.
component.ts:11:53:
[37m      11 Ôöé ...iaDelEvento, 
formatearFechaEvento } from 
[32m'../../utils/date.utils'[37m;
         ÔòÁ                                        
     [32m~~~~~~~~~~~~~~~~~~~~~~~~[0m

[39m[22m
