[33mΓ¥»[39m Building...
[32mΓ£ö[39m Building...
Application bundle generation failed. [10.137 seconds] - 2026-03-07T18:01:22.438Z

node.exe : [1m[31m[31mX 
[41;31m[[41;97mERROR[41;31m][0m [1mTS2300: 
Duplicate identifier 'expiracion_negociacion'.[0m 
[1m[35m[plugin angular-compiler][0m
En línea: 1 Carácter: 1
+ & "C:\Program Files\nodejs/node.exe" 
"C:\Users\mvina\AppData\Roaming\ ...
+ ~~~~~~~~~~~~~~~~~~~~~~~~~~~~~~~~~~~~~~~~~~~~~~~~~~~~~
~~~~~~~~~~~~~~~~
    + CategoryInfo          : NotSpecified: ([1m[31m 
   [31mX...r-compiler][0m:String) [], RemoteExcepti  
  on
    + FullyQualifiedErrorId : NativeCommandError
 

    src/app/models/index.ts:152:4:
[37m      152 Γöé     
[32mexpiracion_negociacion[37m?: string;
          Γò╡     [32m~~~~~~~~~~~~~~~~~~~~~~[0m


[31mX [41;31m[[41;97mERROR[41;31m][0m [1mTS2300: 
Duplicate identifier 'expiracion_negociacion'.[0m 
[1m[35m[plugin angular-compiler][0m

    src/app/models/index.ts:164:4:
[37m      164 Γöé     
[32mexpiracion_negociacion[37m?: string;
          Γò╡     [32m~~~~~~~~~~~~~~~~~~~~~~[0m

[39m[22m
